C:\Program Files\Microsoft Visual Studio\2022\Community\MSBuild\Microsoft\VC\v170\Microsoft.CppBuild.targets(534,5): warning MSB8028: la directory intermedia (x64\Debug\) contiene file condivisi da un altro progetto (LOD_Terrain_Project.vcxproj, OpenGL_4.6_Template.vcxproj). Tale condizione può comportare un comportamento di pulizia e ricompilazione non corretto.
  cameraHandler.cpp
  main.cpp
C:\Marco\UNIVERSITA\Tesi\Progetto_OpenGL_2\LOD_Terrain_Project_2\LOD_Terrain_Project_2\main.cpp(19,23): warning C4305: 'inizializzazione': troncamento da 'double' a 'float'
C:\Marco\UNIVERSITA\Tesi\Progetto_OpenGL_2\LOD_Terrain_Project_2\LOD_Terrain_Project_2\main.cpp(109,18): warning C4244: 'inizializzazione': conversione da 'float' a 'int'. Possibile perdita di dati.
C:\Marco\UNIVERSITA\Tesi\Progetto_OpenGL_2\LOD_Terrain_Project_2\LOD_Terrain_Project_2\main.cpp(127,104): warning C4244: 'argomento': conversione da 'float' a 'int'. Possibile perdita di dati.
C:\Marco\UNIVERSITA\Tesi\Progetto_OpenGL_2\LOD_Terrain_Project_2\LOD_Terrain_Project_2\main.cpp(147,59): warning C4267: 'inizializzazione': conversione da 'size_t' a 'int'. Possibile perdita di dati.
C:\Marco\UNIVERSITA\Tesi\Progetto_OpenGL_2\LOD_Terrain_Project_2\LOD_Terrain_Project_2\main.cpp(168,57): warning C4267: 'inizializzazione': conversione da 'size_t' a 'int'. Possibile perdita di dati.
C:\Marco\UNIVERSITA\Tesi\Progetto_OpenGL_2\LOD_Terrain_Project_2\LOD_Terrain_Project_2\main.cpp(190,57): warning C4267: 'inizializzazione': conversione da 'size_t' a 'int'. Possibile perdita di dati.
C:\Marco\UNIVERSITA\Tesi\Progetto_OpenGL_2\LOD_Terrain_Project_2\LOD_Terrain_Project_2\main.cpp(201,40): warning C4267: 'inizializzazione': conversione da 'size_t' a 'int'. Possibile perdita di dati.
C:\Marco\UNIVERSITA\Tesi\Progetto_OpenGL_2\LOD_Terrain_Project_2\LOD_Terrain_Project_2\main.cpp(443,25): warning C4244: 'inizializzazione': conversione da 'double' a 'float'. Possibile perdita di dati.
C:\Marco\UNIVERSITA\Tesi\Progetto_OpenGL_2\LOD_Terrain_Project_2\LOD_Terrain_Project_2\main.cpp(463,38): warning C4244: 'inizializzazione': conversione da 'double' a 'float'. Possibile perdita di dati.
C:\Marco\UNIVERSITA\Tesi\Progetto_OpenGL_2\LOD_Terrain_Project_2\LOD_Terrain_Project_2\main.cpp(465,42): warning C4244: 'inizializzazione': conversione da 'double' a 'float'. Possibile perdita di dati.
C:\Marco\UNIVERSITA\Tesi\Progetto_OpenGL_2\LOD_Terrain_Project_2\LOD_Terrain_Project_2\main.cpp(471,38): warning C4244: 'inizializzazione': conversione da 'double' a 'float'. Possibile perdita di dati.
C:\Marco\UNIVERSITA\Tesi\Progetto_OpenGL_2\LOD_Terrain_Project_2\LOD_Terrain_Project_2\main.cpp(473,42): warning C4244: 'inizializzazione': conversione da 'double' a 'float'. Possibile perdita di dati.
C:\Marco\UNIVERSITA\Tesi\Progetto_OpenGL_2\LOD_Terrain_Project_2\LOD_Terrain_Project_2\main.cpp(497,106): warning C4267: 'argomento': conversione da 'size_t' a 'GLsizei'. Possibile perdita di dati.
C:\Marco\UNIVERSITA\Tesi\Progetto_OpenGL_2\LOD_Terrain_Project_2\LOD_Terrain_Project_2\main.cpp(503,107): warning C4267: 'argomento': conversione da 'size_t' a 'GLsizei'. Possibile perdita di dati.
C:\Marco\UNIVERSITA\Tesi\Progetto_OpenGL_2\LOD_Terrain_Project_2\LOD_Terrain_Project_2\main.cpp(508,72): warning C4267: 'argomento': conversione da 'size_t' a 'GLsizei'. Possibile perdita di dati.
C:\Marco\UNIVERSITA\Tesi\Progetto_OpenGL_2\LOD_Terrain_Project_2\LOD_Terrain_Project_2\main.cpp(615,62): warning C4267: 'argomento': conversione da 'size_t' a 'GLsizei'. Possibile perdita di dati.
C:\Marco\UNIVERSITA\Tesi\Progetto_OpenGL_2\LOD_Terrain_Project_2\LOD_Terrain_Project_2\main.cpp(645,62): warning C4267: 'argomento': conversione da 'size_t' a 'GLsizei'. Possibile perdita di dati.
C:\Marco\UNIVERSITA\Tesi\Progetto_OpenGL_2\LOD_Terrain_Project_2\LOD_Terrain_Project_2\main.cpp(674,60): warning C4267: 'argomento': conversione da 'size_t' a 'GLsizei'. Possibile perdita di dati.
C:\Marco\UNIVERSITA\Tesi\Progetto_OpenGL_2\LOD_Terrain_Project_2\LOD_Terrain_Project_2\main.cpp(704,60): warning C4267: 'argomento': conversione da 'size_t' a 'GLsizei'. Possibile perdita di dati.
C:\Marco\UNIVERSITA\Tesi\Progetto_OpenGL_2\LOD_Terrain_Project_2\LOD_Terrain_Project_2\main.cpp(722,56): warning C4267: 'argomento': conversione da 'size_t' a 'GLsizei'. Possibile perdita di dati.
C:\Marco\UNIVERSITA\Tesi\Progetto_OpenGL_2\LOD_Terrain_Project_2\LOD_Terrain_Project_2\main.cpp(741,60): warning C4267: 'argomento': conversione da 'size_t' a 'GLsizei'. Possibile perdita di dati.
  Generazione del codice in corso...
  LOD_Terrain_Project_2.vcxproj -> C:\Marco\UNIVERSITA\Tesi\Progetto_OpenGL_2\LOD_Terrain_Project_2\x64\Debug\LOD_Terrain_Project_2.exe
